---
http_interactions:
- request:
    method: get
    uri: https://api.github.com/user/repos
    body:
      encoding: US-ASCII
      string: ''
    headers:
      Authorization:
      - token
      User-Agent:
      - Faraday v0.15.4
      Accept-Encoding:
      - gzip;q=1.0,deflate;q=0.6,identity;q=0.3
      Accept:
      - "*/*"
  response:
    status:
      code: 401
      message: Unauthorized
    headers:
      Server:
      - GitHub.com
      Date:
      - Mon, 04 Feb 2019 20:33:37 GMT
      Content-Type:
      - application/json; charset=utf-8
      Content-Length:
      - '83'
      Status:
      - 401 Unauthorized
      X-Github-Media-Type:
      - github.v3; format=json
      X-Ratelimit-Limit:
      - '60'
      X-Ratelimit-Remaining:
      - '0'
      X-Ratelimit-Reset:
      - '1549313633'
      Access-Control-Expose-Headers:
      - ETag, Link, Location, Retry-After, X-GitHub-OTP, X-RateLimit-Limit, X-RateLimit-Remaining,
        X-RateLimit-Reset, X-OAuth-Scopes, X-Accepted-OAuth-Scopes, X-Poll-Interval,
        X-GitHub-Media-Type
      Access-Control-Allow-Origin:
      - "*"
      Strict-Transport-Security:
      - max-age=31536000; includeSubdomains; preload
      X-Frame-Options:
      - deny
      X-Content-Type-Options:
      - nosniff
      X-Xss-Protection:
      - 1; mode=block
      Referrer-Policy:
      - origin-when-cross-origin, strict-origin-when-cross-origin
      Content-Security-Policy:
      - default-src 'none'
      X-Github-Request-Id:
      - DB5F:6C2D:476CCB:BBC6CD:5C58A1A0
    body:
      encoding: UTF-8
      string: '{"message":"Bad credentials","documentation_url":"https://developer.github.com/v3"}'
    http_version: 
  recorded_at: Mon, 04 Feb 2019 20:33:37 GMT
- request:
    method: get
    uri: https://api.github.com/user/followers
    body:
      encoding: US-ASCII
      string: ''
    headers:
      Authorization:
      - token
      User-Agent:
      - Faraday v0.15.4
      Accept-Encoding:
      - gzip;q=1.0,deflate;q=0.6,identity;q=0.3
      Accept:
      - "*/*"
  response:
    status:
      code: 401
      message: Unauthorized
    headers:
      Server:
      - GitHub.com
      Date:
      - Mon, 04 Feb 2019 20:33:37 GMT
      Content-Type:
      - application/json; charset=utf-8
      Content-Length:
      - '83'
      Status:
      - 401 Unauthorized
      X-Github-Media-Type:
      - github.v3; format=json
      X-Ratelimit-Limit:
      - '60'
      X-Ratelimit-Remaining:
      - '0'
      X-Ratelimit-Reset:
      - '1549313633'
      Access-Control-Expose-Headers:
      - ETag, Link, Location, Retry-After, X-GitHub-OTP, X-RateLimit-Limit, X-RateLimit-Remaining,
        X-RateLimit-Reset, X-OAuth-Scopes, X-Accepted-OAuth-Scopes, X-Poll-Interval,
        X-GitHub-Media-Type
      Access-Control-Allow-Origin:
      - "*"
      Strict-Transport-Security:
      - max-age=31536000; includeSubdomains; preload
      X-Frame-Options:
      - deny
      X-Content-Type-Options:
      - nosniff
      X-Xss-Protection:
      - 1; mode=block
      Referrer-Policy:
      - origin-when-cross-origin, strict-origin-when-cross-origin
      Content-Security-Policy:
      - default-src 'none'
      X-Github-Request-Id:
      - DB60:304B:1492009:2965CA2:5C58A1A1
    body:
      encoding: UTF-8
      string: '{"message":"Bad credentials","documentation_url":"https://developer.github.com/v3"}'
    http_version: 
  recorded_at: Mon, 04 Feb 2019 20:33:37 GMT
- request:
    method: get
    uri: https://api.github.com/user/following
    body:
      encoding: US-ASCII
      string: ''
    headers:
      Authorization:
      - token
      User-Agent:
      - Faraday v0.15.4
      Accept-Encoding:
      - gzip;q=1.0,deflate;q=0.6,identity;q=0.3
      Accept:
      - "*/*"
  response:
    status:
      code: 401
      message: Unauthorized
    headers:
      Server:
      - GitHub.com
      Date:
      - Mon, 04 Feb 2019 20:33:37 GMT
      Content-Type:
      - application/json; charset=utf-8
      Content-Length:
      - '83'
      Status:
      - 401 Unauthorized
      X-Github-Media-Type:
      - github.v3; format=json
      X-Ratelimit-Limit:
      - '60'
      X-Ratelimit-Remaining:
      - '0'
      X-Ratelimit-Reset:
      - '1549313633'
      Access-Control-Expose-Headers:
      - ETag, Link, Location, Retry-After, X-GitHub-OTP, X-RateLimit-Limit, X-RateLimit-Remaining,
        X-RateLimit-Reset, X-OAuth-Scopes, X-Accepted-OAuth-Scopes, X-Poll-Interval,
        X-GitHub-Media-Type
      Access-Control-Allow-Origin:
      - "*"
      Strict-Transport-Security:
      - max-age=31536000; includeSubdomains; preload
      X-Frame-Options:
      - deny
      X-Content-Type-Options:
      - nosniff
      X-Xss-Protection:
      - 1; mode=block
      Referrer-Policy:
      - origin-when-cross-origin, strict-origin-when-cross-origin
      Content-Security-Policy:
      - default-src 'none'
      X-Github-Request-Id:
      - DB61:3DFF:13B21A1:26CC0E4:5C58A1A1
    body:
      encoding: UTF-8
      string: '{"message":"Bad credentials","documentation_url":"https://developer.github.com/v3"}'
    http_version: 
  recorded_at: Mon, 04 Feb 2019 20:33:37 GMT
- request:
    method: get
    uri: https://api.github.com/user/repos
    body:
      encoding: US-ASCII
      string: ''
    headers:
      Authorization:
      - token
      User-Agent:
      - Faraday v0.15.4
      Accept-Encoding:
      - gzip;q=1.0,deflate;q=0.6,identity;q=0.3
      Accept:
      - "*/*"
  response:
    status:
      code: 401
      message: Unauthorized
    headers:
      Server:
      - GitHub.com
      Date:
      - Mon, 04 Feb 2019 20:33:37 GMT
      Content-Type:
      - application/json; charset=utf-8
      Content-Length:
      - '83'
      Status:
      - 401 Unauthorized
      X-Github-Media-Type:
      - github.v3; format=json
      X-Ratelimit-Limit:
      - '60'
      X-Ratelimit-Remaining:
      - '0'
      X-Ratelimit-Reset:
      - '1549313633'
      Access-Control-Expose-Headers:
      - ETag, Link, Location, Retry-After, X-GitHub-OTP, X-RateLimit-Limit, X-RateLimit-Remaining,
        X-RateLimit-Reset, X-OAuth-Scopes, X-Accepted-OAuth-Scopes, X-Poll-Interval,
        X-GitHub-Media-Type
      Access-Control-Allow-Origin:
      - "*"
      Strict-Transport-Security:
      - max-age=31536000; includeSubdomains; preload
      X-Frame-Options:
      - deny
      X-Content-Type-Options:
      - nosniff
      X-Xss-Protection:
      - 1; mode=block
      Referrer-Policy:
      - origin-when-cross-origin, strict-origin-when-cross-origin
      Content-Security-Policy:
      - default-src 'none'
      X-Github-Request-Id:
      - DB66:4281:137E5C5:284920D:5C58A1A1
    body:
      encoding: UTF-8
      string: '{"message":"Bad credentials","documentation_url":"https://developer.github.com/v3"}'
    http_version: 
  recorded_at: Mon, 04 Feb 2019 20:33:37 GMT
- request:
    method: get
    uri: https://api.github.com/user/followers
    body:
      encoding: US-ASCII
      string: ''
    headers:
      Authorization:
      - token
      User-Agent:
      - Faraday v0.15.4
      Accept-Encoding:
      - gzip;q=1.0,deflate;q=0.6,identity;q=0.3
      Accept:
      - "*/*"
  response:
    status:
      code: 401
      message: Unauthorized
    headers:
      Server:
      - GitHub.com
      Date:
      - Mon, 04 Feb 2019 20:33:38 GMT
      Content-Type:
      - application/json; charset=utf-8
      Content-Length:
      - '83'
      Status:
      - 401 Unauthorized
      X-Github-Media-Type:
      - github.v3; format=json
      X-Ratelimit-Limit:
      - '60'
      X-Ratelimit-Remaining:
      - '0'
      X-Ratelimit-Reset:
      - '1549313633'
      Access-Control-Expose-Headers:
      - ETag, Link, Location, Retry-After, X-GitHub-OTP, X-RateLimit-Limit, X-RateLimit-Remaining,
        X-RateLimit-Reset, X-OAuth-Scopes, X-Accepted-OAuth-Scopes, X-Poll-Interval,
        X-GitHub-Media-Type
      Access-Control-Allow-Origin:
      - "*"
      Strict-Transport-Security:
      - max-age=31536000; includeSubdomains; preload
      X-Frame-Options:
      - deny
      X-Content-Type-Options:
      - nosniff
      X-Xss-Protection:
      - 1; mode=block
      Referrer-Policy:
      - origin-when-cross-origin, strict-origin-when-cross-origin
      Content-Security-Policy:
      - default-src 'none'
      X-Github-Request-Id:
      - DB67:2C19:1297252:26CDC15:5C58A1A1
    body:
      encoding: UTF-8
      string: '{"message":"Bad credentials","documentation_url":"https://developer.github.com/v3"}'
    http_version: 
  recorded_at: Mon, 04 Feb 2019 20:33:38 GMT
- request:
    method: get
    uri: https://api.github.com/user/following
    body:
      encoding: US-ASCII
      string: ''
    headers:
      Authorization:
      - token
      User-Agent:
      - Faraday v0.15.4
      Accept-Encoding:
      - gzip;q=1.0,deflate;q=0.6,identity;q=0.3
      Accept:
      - "*/*"
  response:
    status:
      code: 401
      message: Unauthorized
    headers:
      Server:
      - GitHub.com
      Date:
      - Mon, 04 Feb 2019 20:33:38 GMT
      Content-Type:
      - application/json; charset=utf-8
      Content-Length:
      - '83'
      Status:
      - 401 Unauthorized
      X-Github-Media-Type:
      - github.v3; format=json
      X-Ratelimit-Limit:
      - '60'
      X-Ratelimit-Remaining:
      - '0'
      X-Ratelimit-Reset:
      - '1549313633'
      Access-Control-Expose-Headers:
      - ETag, Link, Location, Retry-After, X-GitHub-OTP, X-RateLimit-Limit, X-RateLimit-Remaining,
        X-RateLimit-Reset, X-OAuth-Scopes, X-Accepted-OAuth-Scopes, X-Poll-Interval,
        X-GitHub-Media-Type
      Access-Control-Allow-Origin:
      - "*"
      Strict-Transport-Security:
      - max-age=31536000; includeSubdomains; preload
      X-Frame-Options:
      - deny
      X-Content-Type-Options:
      - nosniff
      X-Xss-Protection:
      - 1; mode=block
      Referrer-Policy:
      - origin-when-cross-origin, strict-origin-when-cross-origin
      Content-Security-Policy:
      - default-src 'none'
      X-Github-Request-Id:
      - DB69:156A:92CCBE:163458F:5C58A1A2
    body:
      encoding: UTF-8
      string: '{"message":"Bad credentials","documentation_url":"https://developer.github.com/v3"}'
    http_version: 
  recorded_at: Mon, 04 Feb 2019 20:33:38 GMT
recorded_with: VCR 4.0.0
