---
http_interactions:
- request:
    method: get
    uri: https://api.github.com/user/repos
    body:
      encoding: US-ASCII
      string: ''
    headers:
      Authorization:
      - token
      User-Agent:
      - Faraday v0.15.4
      Accept-Encoding:
      - gzip;q=1.0,deflate;q=0.6,identity;q=0.3
      Accept:
      - "*/*"
  response:
    status:
      code: 401
      message: Unauthorized
    headers:
      Server:
      - GitHub.com
      Date:
      - Mon, 04 Feb 2019 22:35:20 GMT
      Content-Type:
      - application/json; charset=utf-8
      Content-Length:
      - '83'
      Status:
      - 401 Unauthorized
      X-Github-Media-Type:
      - github.v3; format=json
      X-Ratelimit-Limit:
      - '60'
      X-Ratelimit-Remaining:
      - '27'
      X-Ratelimit-Reset:
      - '1549321414'
      Access-Control-Expose-Headers:
      - ETag, Link, Location, Retry-After, X-GitHub-OTP, X-RateLimit-Limit, X-RateLimit-Remaining,
        X-RateLimit-Reset, X-OAuth-Scopes, X-Accepted-OAuth-Scopes, X-Poll-Interval,
        X-GitHub-Media-Type
      Access-Control-Allow-Origin:
      - "*"
      Strict-Transport-Security:
      - max-age=31536000; includeSubdomains; preload
      X-Frame-Options:
      - deny
      X-Content-Type-Options:
      - nosniff
      X-Xss-Protection:
      - 1; mode=block
      Referrer-Policy:
      - origin-when-cross-origin, strict-origin-when-cross-origin
      Content-Security-Policy:
      - default-src 'none'
      X-Github-Request-Id:
      - F8EB:4AE2:F77121:21F8D8F:5C58BE28
    body:
      encoding: UTF-8
      string: '{"message":"Bad credentials","documentation_url":"https://developer.github.com/v3"}'
    http_version: 
  recorded_at: Mon, 04 Feb 2019 22:35:20 GMT
- request:
    method: get
    uri: https://api.github.com/user/followers
    body:
      encoding: US-ASCII
      string: ''
    headers:
      Authorization:
      - token
      User-Agent:
      - Faraday v0.15.4
      Accept-Encoding:
      - gzip;q=1.0,deflate;q=0.6,identity;q=0.3
      Accept:
      - "*/*"
  response:
    status:
      code: 401
      message: Unauthorized
    headers:
      Server:
      - GitHub.com
      Date:
      - Mon, 04 Feb 2019 22:35:20 GMT
      Content-Type:
      - application/json; charset=utf-8
      Content-Length:
      - '83'
      Status:
      - 401 Unauthorized
      X-Github-Media-Type:
      - github.v3; format=json
      X-Ratelimit-Limit:
      - '60'
      X-Ratelimit-Remaining:
      - '26'
      X-Ratelimit-Reset:
      - '1549321414'
      Access-Control-Expose-Headers:
      - ETag, Link, Location, Retry-After, X-GitHub-OTP, X-RateLimit-Limit, X-RateLimit-Remaining,
        X-RateLimit-Reset, X-OAuth-Scopes, X-Accepted-OAuth-Scopes, X-Poll-Interval,
        X-GitHub-Media-Type
      Access-Control-Allow-Origin:
      - "*"
      Strict-Transport-Security:
      - max-age=31536000; includeSubdomains; preload
      X-Frame-Options:
      - deny
      X-Content-Type-Options:
      - nosniff
      X-Xss-Protection:
      - 1; mode=block
      Referrer-Policy:
      - origin-when-cross-origin, strict-origin-when-cross-origin
      Content-Security-Policy:
      - default-src 'none'
      X-Github-Request-Id:
      - F8EC:1D29:142A27B:2A8902F:5C58BE28
    body:
      encoding: UTF-8
      string: '{"message":"Bad credentials","documentation_url":"https://developer.github.com/v3"}'
    http_version: 
  recorded_at: Mon, 04 Feb 2019 22:35:20 GMT
- request:
    method: get
    uri: https://api.github.com/user/following
    body:
      encoding: US-ASCII
      string: ''
    headers:
      Authorization:
      - token
      User-Agent:
      - Faraday v0.15.4
      Accept-Encoding:
      - gzip;q=1.0,deflate;q=0.6,identity;q=0.3
      Accept:
      - "*/*"
  response:
    status:
      code: 401
      message: Unauthorized
    headers:
      Server:
      - GitHub.com
      Date:
      - Mon, 04 Feb 2019 22:35:20 GMT
      Content-Type:
      - application/json; charset=utf-8
      Content-Length:
      - '83'
      Status:
      - 401 Unauthorized
      X-Github-Media-Type:
      - github.v3; format=json
      X-Ratelimit-Limit:
      - '60'
      X-Ratelimit-Remaining:
      - '25'
      X-Ratelimit-Reset:
      - '1549321414'
      Access-Control-Expose-Headers:
      - ETag, Link, Location, Retry-After, X-GitHub-OTP, X-RateLimit-Limit, X-RateLimit-Remaining,
        X-RateLimit-Reset, X-OAuth-Scopes, X-Accepted-OAuth-Scopes, X-Poll-Interval,
        X-GitHub-Media-Type
      Access-Control-Allow-Origin:
      - "*"
      Strict-Transport-Security:
      - max-age=31536000; includeSubdomains; preload
      X-Frame-Options:
      - deny
      X-Content-Type-Options:
      - nosniff
      X-Xss-Protection:
      - 1; mode=block
      Referrer-Policy:
      - origin-when-cross-origin, strict-origin-when-cross-origin
      Content-Security-Policy:
      - default-src 'none'
      X-Github-Request-Id:
      - F8ED:23F4:1110205:23E7C59:5C58BE28
    body:
      encoding: UTF-8
      string: '{"message":"Bad credentials","documentation_url":"https://developer.github.com/v3"}'
    http_version: 
  recorded_at: Mon, 04 Feb 2019 22:35:20 GMT
- request:
    method: get
    uri: https://api.github.com/user/repos
    body:
      encoding: US-ASCII
      string: ''
    headers:
      Authorization:
      - token
      User-Agent:
      - Faraday v0.15.4
      Accept-Encoding:
      - gzip;q=1.0,deflate;q=0.6,identity;q=0.3
      Accept:
      - "*/*"
  response:
    status:
      code: 401
      message: Unauthorized
    headers:
      Server:
      - GitHub.com
      Date:
      - Mon, 04 Feb 2019 22:35:21 GMT
      Content-Type:
      - application/json; charset=utf-8
      Content-Length:
      - '83'
      Status:
      - 401 Unauthorized
      X-Github-Media-Type:
      - github.v3; format=json
      X-Ratelimit-Limit:
      - '60'
      X-Ratelimit-Remaining:
      - '24'
      X-Ratelimit-Reset:
      - '1549321414'
      Access-Control-Expose-Headers:
      - ETag, Link, Location, Retry-After, X-GitHub-OTP, X-RateLimit-Limit, X-RateLimit-Remaining,
        X-RateLimit-Reset, X-OAuth-Scopes, X-Accepted-OAuth-Scopes, X-Poll-Interval,
        X-GitHub-Media-Type
      Access-Control-Allow-Origin:
      - "*"
      Strict-Transport-Security:
      - max-age=31536000; includeSubdomains; preload
      X-Frame-Options:
      - deny
      X-Content-Type-Options:
      - nosniff
      X-Xss-Protection:
      - 1; mode=block
      Referrer-Policy:
      - origin-when-cross-origin, strict-origin-when-cross-origin
      Content-Security-Policy:
      - default-src 'none'
      X-Github-Request-Id:
      - F8F2:3E5E:10D4FF2:24004C2:5C58BE28
    body:
      encoding: UTF-8
      string: '{"message":"Bad credentials","documentation_url":"https://developer.github.com/v3"}'
    http_version: 
  recorded_at: Mon, 04 Feb 2019 22:35:21 GMT
- request:
    method: get
    uri: https://api.github.com/user/followers
    body:
      encoding: US-ASCII
      string: ''
    headers:
      Authorization:
      - token
      User-Agent:
      - Faraday v0.15.4
      Accept-Encoding:
      - gzip;q=1.0,deflate;q=0.6,identity;q=0.3
      Accept:
      - "*/*"
  response:
    status:
      code: 401
      message: Unauthorized
    headers:
      Server:
      - GitHub.com
      Date:
      - Mon, 04 Feb 2019 22:35:21 GMT
      Content-Type:
      - application/json; charset=utf-8
      Content-Length:
      - '83'
      Status:
      - 401 Unauthorized
      X-Github-Media-Type:
      - github.v3; format=json
      X-Ratelimit-Limit:
      - '60'
      X-Ratelimit-Remaining:
      - '23'
      X-Ratelimit-Reset:
      - '1549321414'
      Access-Control-Expose-Headers:
      - ETag, Link, Location, Retry-After, X-GitHub-OTP, X-RateLimit-Limit, X-RateLimit-Remaining,
        X-RateLimit-Reset, X-OAuth-Scopes, X-Accepted-OAuth-Scopes, X-Poll-Interval,
        X-GitHub-Media-Type
      Access-Control-Allow-Origin:
      - "*"
      Strict-Transport-Security:
      - max-age=31536000; includeSubdomains; preload
      X-Frame-Options:
      - deny
      X-Content-Type-Options:
      - nosniff
      X-Xss-Protection:
      - 1; mode=block
      Referrer-Policy:
      - origin-when-cross-origin, strict-origin-when-cross-origin
      Content-Security-Policy:
      - default-src 'none'
      X-Github-Request-Id:
      - F8F3:6C2D:49E724:C21294:5C58BE29
    body:
      encoding: UTF-8
      string: '{"message":"Bad credentials","documentation_url":"https://developer.github.com/v3"}'
    http_version: 
  recorded_at: Mon, 04 Feb 2019 22:35:21 GMT
- request:
    method: get
    uri: https://api.github.com/user/following
    body:
      encoding: US-ASCII
      string: ''
    headers:
      Authorization:
      - token
      User-Agent:
      - Faraday v0.15.4
      Accept-Encoding:
      - gzip;q=1.0,deflate;q=0.6,identity;q=0.3
      Accept:
      - "*/*"
  response:
    status:
      code: 401
      message: Unauthorized
    headers:
      Server:
      - GitHub.com
      Date:
      - Mon, 04 Feb 2019 22:35:21 GMT
      Content-Type:
      - application/json; charset=utf-8
      Content-Length:
      - '83'
      Status:
      - 401 Unauthorized
      X-Github-Media-Type:
      - github.v3; format=json
      X-Ratelimit-Limit:
      - '60'
      X-Ratelimit-Remaining:
      - '22'
      X-Ratelimit-Reset:
      - '1549321414'
      Access-Control-Expose-Headers:
      - ETag, Link, Location, Retry-After, X-GitHub-OTP, X-RateLimit-Limit, X-RateLimit-Remaining,
        X-RateLimit-Reset, X-OAuth-Scopes, X-Accepted-OAuth-Scopes, X-Poll-Interval,
        X-GitHub-Media-Type
      Access-Control-Allow-Origin:
      - "*"
      Strict-Transport-Security:
      - max-age=31536000; includeSubdomains; preload
      X-Frame-Options:
      - deny
      X-Content-Type-Options:
      - nosniff
      X-Xss-Protection:
      - 1; mode=block
      Referrer-Policy:
      - origin-when-cross-origin, strict-origin-when-cross-origin
      Content-Security-Policy:
      - default-src 'none'
      X-Github-Request-Id:
      - F8F4:436F:14A82F7:29ADA2D:5C58BE29
    body:
      encoding: UTF-8
      string: '{"message":"Bad credentials","documentation_url":"https://developer.github.com/v3"}'
    http_version: 
  recorded_at: Mon, 04 Feb 2019 22:35:21 GMT
recorded_with: VCR 4.0.0
